// Jest Snapshot v1, https://goo.gl/fbAQLP

exports[`baseStack 1`] = `
{
  "Parameters": {
    "BootstrapVersion": {
      "Default": "/cdk-bootstrap/hnb659fds/version",
      "Description": "Version of the CDK Bootstrap resources in this environment, automatically retrieved from SSM Parameter Store. [cdk:skip]",
      "Type": "AWS::SSM::Parameter::Value<String>",
    },
  },
  "Resources": {
    "BucketAutoDeleteObjectsCustomResource055E5DCD": {
      "DeletionPolicy": "Delete",
      "DependsOn": [
        "BucketPolicy2A6F133E",
      ],
      "Properties": {
        "BucketName": {
          "Ref": "BucketD7FEB781",
        },
        "ServiceToken": {
          "Fn::GetAtt": [
            "CustomS3AutoDeleteObjectsCustomResourceProviderHandler9D90184F",
            "Arn",
          ],
        },
      },
      "Type": "Custom::S3AutoDeleteObjects",
      "UpdateReplacePolicy": "Delete",
    },
    "BucketD7FEB781": {
      "DeletionPolicy": "Delete",
      "Properties": {
        "BucketEncryption": {
          "ServerSideEncryptionConfiguration": [
            {
              "ServerSideEncryptionByDefault": {
                "SSEAlgorithm": "AES256",
              },
            },
          ],
        },
        "Tags": [
          {
            "Key": "aws-cdk:auto-delete-objects",
            "Value": "true",
          },
        ],
      },
      "Type": "AWS::S3::Bucket",
      "UpdateReplacePolicy": "Delete",
    },
    "BucketPolicy2A6F133E": {
      "Properties": {
        "Bucket": {
          "Ref": "BucketD7FEB781",
        },
        "PolicyDocument": {
          "Statement": [
            {
              "Action": "s3:*",
              "Condition": {
                "Bool": {
                  "aws:SecureTransport": "false",
                },
              },
              "Effect": "Deny",
              "Principal": {
                "AWS": "*",
              },
              "Resource": [
                {
                  "Fn::GetAtt": [
                    "BucketD7FEB781",
                    "Arn",
                  ],
                },
                {
                  "Fn::Join": [
                    "",
                    [
                      {
                        "Fn::GetAtt": [
                          "BucketD7FEB781",
                          "Arn",
                        ],
                      },
                      "/*",
                    ],
                  ],
                },
              ],
            },
            {
              "Action": [
                "s3:PutBucketPolicy",
                "s3:GetBucket*",
                "s3:List*",
                "s3:DeleteObject*",
              ],
              "Effect": "Allow",
              "Principal": {
                "AWS": {
                  "Fn::GetAtt": [
                    "CustomS3AutoDeleteObjectsCustomResourceProviderRole3B1BD092",
                    "Arn",
                  ],
                },
              },
              "Resource": [
                {
                  "Fn::GetAtt": [
                    "BucketD7FEB781",
                    "Arn",
                  ],
                },
                {
                  "Fn::Join": [
                    "",
                    [
                      {
                        "Fn::GetAtt": [
                          "BucketD7FEB781",
                          "Arn",
                        ],
                      },
                      "/*",
                    ],
                  ],
                },
              ],
            },
          ],
          "Version": "2012-10-17",
        },
      },
      "Type": "AWS::S3::BucketPolicy",
    },
    "CustomS3AutoDeleteObjectsCustomResourceProviderHandler9D90184F": {
      "DependsOn": [
        "CustomS3AutoDeleteObjectsCustomResourceProviderRole3B1BD092",
      ],
      "Properties": {
        "Code": {
          "S3Bucket": {
            "Fn::Sub": "cdk-hnb659fds-assets-\${AWS::AccountId}-ap-northeast-1",
          },
          "S3Key": "HASH-REPLACED.zip",
        },
        "Description": {
          "Fn::Join": [
            "",
            [
              "Lambda function for auto-deleting objects in ",
              {
                "Ref": "BucketD7FEB781",
              },
              " S3 bucket.",
            ],
          ],
        },
        "Handler": "index.handler",
        "MemorySize": 128,
        "Role": {
          "Fn::GetAtt": [
            "CustomS3AutoDeleteObjectsCustomResourceProviderRole3B1BD092",
            "Arn",
          ],
        },
        "Runtime": "nodejs20.x",
        "Timeout": 900,
      },
      "Type": "AWS::Lambda::Function",
    },
    "CustomS3AutoDeleteObjectsCustomResourceProviderRole3B1BD092": {
      "Properties": {
        "AssumeRolePolicyDocument": {
          "Statement": [
            {
              "Action": "sts:AssumeRole",
              "Effect": "Allow",
              "Principal": {
                "Service": "lambda.amazonaws.com",
              },
            },
          ],
          "Version": "2012-10-17",
        },
        "ManagedPolicyArns": [
          {
            "Fn::Sub": "arn:\${AWS::Partition}:iam::aws:policy/service-role/AWSLambdaBasicExecutionRole",
          },
        ],
      },
      "Type": "AWS::IAM::Role",
    },
    "Ec2AutoStartStopAutoStartRG18FF9080": {
      "Properties": {
        "Name": "dev-kasio-base-stack-AutoStart",
        "ResourceQuery": {
          "Query": {
            "ResourceTypeFilters": [
              "AWS::EC2::Instance",
            ],
            "TagFilters": [
              {
                "Key": "AutoStart",
                "Values": [
                  "true",
                ],
              },
            ],
          },
          "Type": "TAG_FILTERS_1_0",
        },
      },
      "Type": "AWS::ResourceGroups::Group",
    },
    "Ec2AutoStartStopAutoStopRG5465CF21": {
      "Properties": {
        "Name": "dev-kasio-base-stack-AutoStop",
        "ResourceQuery": {
          "Query": {
            "ResourceTypeFilters": [
              "AWS::EC2::Instance",
            ],
            "TagFilters": [
              {
                "Key": "AutoStop",
                "Values": [
                  "true",
                ],
              },
            ],
          },
          "Type": "TAG_FILTERS_1_0",
        },
      },
      "Type": "AWS::ResourceGroups::Group",
    },
    "Ec2AutoStartStopMaintenanceWindowStartB77CA08D": {
      "Properties": {
        "AllowUnassociatedTargets": false,
        "Cutoff": 0,
        "Duration": 1,
        "Name": "dev-kasio-base-stack-AutoStart",
        "Schedule": "cron(0, 9 ? * MON-FRI *)",
        "ScheduleTimezone": "Japan",
      },
      "Type": "AWS::SSM::MaintenanceWindow",
    },
    "Ec2AutoStartStopMaintenanceWindowStopA301238F": {
      "Properties": {
        "AllowUnassociatedTargets": false,
        "Cutoff": 0,
        "Duration": 1,
        "Name": "dev-kasio-base-stack-AutoStop",
        "Schedule": "cron(0, 22 ? * * *)",
        "ScheduleTimezone": "Japan",
      },
      "Type": "AWS::SSM::MaintenanceWindow",
    },
    "Ec2AutoStartStopStartInstanceRole10EEC543": {
      "Properties": {
        "AssumeRolePolicyDocument": {
          "Statement": [
            {
              "Action": "sts:AssumeRole",
              "Effect": "Allow",
              "Principal": {
                "Service": "ssm.amazonaws.com",
              },
            },
          ],
          "Version": "2012-10-17",
        },
        "Policies": [
          {
            "PolicyDocument": {
              "Statement": [
                {
                  "Action": [
                    "ssm:StartAutomationExecution",
                    "ssm:GetAutomationExecution",
                    "ssm:DescribeAutomationExecutions",
                  ],
                  "Effect": "Allow",
                  "Resource": "*",
                },
                {
                  "Action": [
                    "resource-groups:ListGroups",
                    "resource-groups:ListGroupResources",
                    "resource-groups:GetGroup",
                    "resource-groups:GetGroupQuery",
                    "resource-groups:SearchResources",
                    "tag:Get*",
                  ],
                  "Effect": "Allow",
                  "Resource": "*",
                },
                {
                  "Action": "ec2:DescribeInstanceStatus",
                  "Effect": "Allow",
                  "Resource": "*",
                },
                {
                  "Action": [
                    "ec2:StartInstances",
                    "ec2:DescribeInstances",
                  ],
                  "Condition": {
                    "StringEquals": {
                      "ec2:ResourceTag/AutoStart": "true",
                    },
                  },
                  "Effect": "Allow",
                  "Resource": {
                    "Fn::Join": [
                      "",
                      [
                        "arn:aws:ec2:ap-northeast-1:",
                        {
                          "Ref": "AWS::AccountId",
                        },
                        ":instance/*",
                      ],
                    ],
                  },
                },
              ],
              "Version": "2012-10-17",
            },
            "PolicyName": "policy",
          },
        ],
      },
      "Type": "AWS::IAM::Role",
    },
    "Ec2AutoStartStopStartTaskCD0C152F": {
      "Properties": {
        "MaxConcurrency": "1",
        "MaxErrors": "1",
        "Priority": 1,
        "ServiceRoleArn": {
          "Fn::GetAtt": [
            "Ec2AutoStartStopStartInstanceRole10EEC543",
            "Arn",
          ],
        },
        "Targets": [
          {
            "Key": "WindowTargetIds",
            "Values": [
              {
                "Ref": "Ec2AutoStartStopStartWindowTarget7DD11987",
              },
            ],
          },
        ],
        "TaskArn": "AWS-StartEC2Instance",
        "TaskInvocationParameters": {
          "MaintenanceWindowAutomationParameters": {
            "DocumentVersion": "1",
            "Parameters": {
              "InstanceId": [
                "{{RESOURCE_ID}}",
              ],
            },
          },
        },
        "TaskType": "AUTOMATION",
        "WindowId": {
          "Ref": "Ec2AutoStartStopMaintenanceWindowStartB77CA08D",
        },
      },
      "Type": "AWS::SSM::MaintenanceWindowTask",
    },
    "Ec2AutoStartStopStartWindowTarget7DD11987": {
      "Properties": {
        "ResourceType": "RESOURCE_GROUP",
        "Targets": [
          {
            "Key": "resource-groups:Name",
            "Values": [
              {
                "Ref": "Ec2AutoStartStopAutoStartRG18FF9080",
              },
            ],
          },
        ],
        "WindowId": {
          "Ref": "Ec2AutoStartStopMaintenanceWindowStartB77CA08D",
        },
      },
      "Type": "AWS::SSM::MaintenanceWindowTarget",
    },
    "Ec2AutoStartStopStopInstanceRoleAC08D5DC": {
      "Properties": {
        "AssumeRolePolicyDocument": {
          "Statement": [
            {
              "Action": "sts:AssumeRole",
              "Effect": "Allow",
              "Principal": {
                "Service": "ssm.amazonaws.com",
              },
            },
          ],
          "Version": "2012-10-17",
        },
        "Policies": [
          {
            "PolicyDocument": {
              "Statement": [
                {
                  "Action": [
                    "ssm:StartAutomationExecution",
                    "ssm:GetAutomationExecution",
                    "ssm:DescribeAutomationExecutions",
                  ],
                  "Effect": "Allow",
                  "Resource": "*",
                },
                {
                  "Action": [
                    "resource-groups:ListGroups",
                    "resource-groups:ListGroupResources",
                    "resource-groups:GetGroup",
                    "resource-groups:GetGroupQuery",
                    "resource-groups:SearchResources",
                    "tag:Get*",
                  ],
                  "Effect": "Allow",
                  "Resource": "*",
                },
                {
                  "Action": "ec2:DescribeInstanceStatus",
                  "Effect": "Allow",
                  "Resource": "*",
                },
                {
                  "Action": [
                    "ec2:StopInstances",
                    "ec2:DescribeInstances",
                  ],
                  "Condition": {
                    "StringEquals": {
                      "ec2:ResourceTag/AutoStop": "true",
                    },
                  },
                  "Effect": "Allow",
                  "Resource": {
                    "Fn::Join": [
                      "",
                      [
                        "arn:aws:ec2:ap-northeast-1:",
                        {
                          "Ref": "AWS::AccountId",
                        },
                        ":instance/*",
                      ],
                    ],
                  },
                },
              ],
              "Version": "2012-10-17",
            },
            "PolicyName": "policy",
          },
        ],
      },
      "Type": "AWS::IAM::Role",
    },
    "Ec2AutoStartStopStopTask61A94EC6": {
      "Properties": {
        "MaxConcurrency": "1",
        "MaxErrors": "1",
        "Priority": 1,
        "ServiceRoleArn": {
          "Fn::GetAtt": [
            "Ec2AutoStartStopStopInstanceRoleAC08D5DC",
            "Arn",
          ],
        },
        "Targets": [
          {
            "Key": "WindowTargetIds",
            "Values": [
              {
                "Ref": "Ec2AutoStartStopStopWindowTarget84268B5D",
              },
            ],
          },
        ],
        "TaskArn": "AWS-StopEC2Instance",
        "TaskInvocationParameters": {
          "MaintenanceWindowAutomationParameters": {
            "DocumentVersion": "1",
            "Parameters": {
              "InstanceId": [
                "{{RESOURCE_ID}}",
              ],
            },
          },
        },
        "TaskType": "AUTOMATION",
        "WindowId": {
          "Ref": "Ec2AutoStartStopMaintenanceWindowStopA301238F",
        },
      },
      "Type": "AWS::SSM::MaintenanceWindowTask",
    },
    "Ec2AutoStartStopStopWindowTarget84268B5D": {
      "Properties": {
        "ResourceType": "RESOURCE_GROUP",
        "Targets": [
          {
            "Key": "resource-groups:Name",
            "Values": [
              {
                "Ref": "Ec2AutoStartStopAutoStopRG5465CF21",
              },
            ],
          },
        ],
        "WindowId": {
          "Ref": "Ec2AutoStartStopMaintenanceWindowStopA301238F",
        },
      },
      "Type": "AWS::SSM::MaintenanceWindowTarget",
    },
  },
  "Rules": {
    "CheckBootstrapVersion": {
      "Assertions": [
        {
          "Assert": {
            "Fn::Not": [
              {
                "Fn::Contains": [
                  [
                    "1",
                    "2",
                    "3",
                    "4",
                    "5",
                  ],
                  {
                    "Ref": "BootstrapVersion",
                  },
                ],
              },
            ],
          },
          "AssertDescription": "CDK bootstrap stack version 6 required. Please run 'cdk bootstrap' with a recent version of the CDK CLI.",
        },
      ],
    },
  },
}
`;
